// Jest Snapshot v1, https://goo.gl/fbAQLP

exports[`validate allows you to specify your own npm scripts 1`] = `concurrently --kill-others-on-fail --prefix [{name}] --names specialbuild,specialtest,speciallint --prefix-colors bgBlue.bold.reset,bgGreen.bold.reset,bgMagenta.bold.reset "yarn run specialbuild --silent" "yarn run specialtest --silent" "yarn run speciallint --silent"`;

exports[`validate calls concurrently with all scripts 1`] = `concurrently --kill-others-on-fail --prefix [{name}] --names build,lint,test,flow --prefix-colors bgBlue.bold.reset,bgGreen.bold.reset,bgMagenta.bold.reset,bgCyan.bold.reset "yarn run build --silent" "yarn run lint --quiet" "yarn run test --silent --coverage" "yarn run flow --silent"`;

exports[`validate does not include "build" if it doesn't have that script 1`] = `concurrently --kill-others-on-fail --prefix [{name}] --names lint,test,flow --prefix-colors bgBlue.bold.reset,bgGreen.bold.reset,bgMagenta.bold.reset "yarn run lint --quiet" "yarn run test --silent --coverage" "yarn run flow --silent"`;

exports[`validate does not include "flow" if it doesn't have that script 1`] = `concurrently --kill-others-on-fail --prefix [{name}] --names build,lint,test --prefix-colors bgBlue.bold.reset,bgGreen.bold.reset,bgMagenta.bold.reset "yarn run build --silent" "yarn run lint --quiet" "yarn run test --silent --coverage"`;

exports[`validate does not include "lint" if it doesn't have that script 1`] = `concurrently --kill-others-on-fail --prefix [{name}] --names build,test,flow --prefix-colors bgBlue.bold.reset,bgGreen.bold.reset,bgMagenta.bold.reset "yarn run build --silent" "yarn run test --silent --coverage" "yarn run flow --silent"`;

exports[`validate does not include "test" if it doesn't have that script 1`] = `concurrently --kill-others-on-fail --prefix [{name}] --names build,lint,flow --prefix-colors bgBlue.bold.reset,bgGreen.bold.reset,bgMagenta.bold.reset "yarn run build --silent" "yarn run lint --quiet" "yarn run flow --silent"`;

exports[`validate doesn't use test or lint if it's in precommit 1`] = `concurrently --kill-others-on-fail --prefix [{name}] --names build,flow --prefix-colors bgBlue.bold.reset,bgGreen.bold.reset "yarn run build --silent" "yarn run flow --silent"`;
